// Jest Snapshot v1, https://goo.gl/fbAQLP

exports[`actionCreators should add api data when passed an api data object 1`] = `
Object {
  "payload": Object {
    "description": "When a young boy disappears, his mother, a police chief, and his friends must confront terrifying forces in order to get him back.",
    "imdbID": "tt4574334",
    "poster": "st.jpg",
    "rating": "8.6",
    "title": "Stranger Things",
    "trailer": "9Egf5U8xLo8",
    "year": "2016â€“",
  },
  "type": "ADD_API_DATA",
}
`;

exports[`actionCreators should render results for a black query 1`] = `
Object {
  "payload": "black",
  "type": "SET_SEARCH_TERM",
}
`;

exports[`actionCreators should render results for a new york query 1`] = `
Object {
  "payload": "New York",
  "type": "SET_SEARCH_TERM",
}
`;
